// Jest Snapshot v1, https://goo.gl/fbAQLP

exports[`expand not defined env 1`] = `"Env FOO_NOT_DEFINED is not defined"`;

exports[`extraResources - two-package 1`] = `
Object {
  "linux": Array [],
}
`;

exports[`extraResources on Linux and Windows 1`] = `
Object {
  "linux": Array [],
}
`;

exports[`extraResources on Linux and Windows 2`] = `
Object {
  "win": Array [
    Object {
      "file": "RELEASES",
    },
    Object {
      "file": "Test App ÃŸW Setup 1.1.0.exe",
      "safeArtifactName": "TestApp-Setup-1.1.0.exe",
    },
    Object {
      "file": "TestApp-1.1.0-full.nupkg",
    },
  ],
}
`;

exports[`extraResources on macOS 1`] = `
Object {
  "mac": Array [],
}
`;

exports[`files 1`] = `
Object {
  "linux": Array [],
}
`;

exports[`map resources 1`] = `
Object {
  "linux": Array [],
}
`;
