// Jest Snapshot v1, https://goo.gl/fbAQLP

exports[`Squirrel.Windows 1`] = `
Object {
  "win": Array [
    Object {
      "file": "RELEASES",
    },
    Object {
      "file": "Test App ßW Setup 1.1.0.exe",
      "safeArtifactName": "TestApp-Setup-1.1.0.exe",
    },
    Object {
      "file": "TestApp-1.1.0-full.nupkg",
    },
    Object {
      "file": "Test App ßW-1.1.0-win.zip",
      "safeArtifactName": "TestApp-1.1.0-win.zip",
    },
  ],
}
`;
